                                                                                                                        
                                                                                                                        
                                                                                                                        
                                                                                                                        
                                                                                                                        
                                                                                                                        

                                                 sysc-lock uninstaller                                                  


╭────────────────────────────────────────────────────────────────────────────────────────────────────────────────────╮
│                                                                                                                    │
│  Uninstall complete.                                                                                               │
│  sysc-lock has been removed.                                                                                       │
│                                                                                                                    │
│  >see you space cowboy                                                                                             │
│                                                                                                                    │
│  Press Enter to exit                                                                                               │
│                                                                                                                    │
╰────────────────────────────────────────────────────────────────────────────────────────────────────────────────────╯

                                              Enter: Exit  •  Ctrl+C: Quit                                              
