                                                                                                                        
                                                                                                                        
                                                                                                                        
                                                                                                                        
                                                                                                                        
                                                                                                                        

                                                  sysc-lock installer                                                   


╭────────────────────────────────────────────────────────────────────────────────────────────────────────────────────╮
│                                                                                                                    │
│  Installation complete.                                                                                            │
│  Binary: /home/test/.local/bin/sysc-lock                                                                           │
│  Unit:   /home/test/.local/share/systemd/user/sysc-lock-session.service                                            │
│                                                                                                                    │
│  >see you space cowboy                                                                                             │
│                                                                                                                    │
│  Press Enter to exit                                                                                               │
│                                                                                                                    │
╰────────────────────────────────────────────────────────────────────────────────────────────────────────────────────╯

                                              Enter: Exit  •  Ctrl+C: Quit                                              
